[7/27/2026 10:07:25 AM] JSON Deserialization complete, File C:\vsProjects\LibraryManagmentSystem\LibraryManagmentSystem\Data\Books.json is Empty...
[7/27/2026 10:11:05 AM] JSON Deserialization complete, File C:\vsProjects\LibraryManagmentSystem\LibraryManagmentSystem\Data\Books.json is Empty...
[7/27/2026 10:11:05 AM] JSON Deserialization complete, File C:\vsProjects\LibraryManagmentSystem\LibraryManagmentSystem\Data\Members.json is Empty...
[7/27/2026 10:11:25 AM] JSON Serialization complete. Data saved to C:\vsProjects\LibraryManagmentSystem\LibraryManagmentSystem\Data\Books.json
[7/27/2026 10:11:43 AM] JSON Serialization complete. Data saved to C:\vsProjects\LibraryManagmentSystem\LibraryManagmentSystem\Data\Books.json
[7/27/2026 10:11:56 AM] JSON Serialization complete. Data saved to C:\vsProjects\LibraryManagmentSystem\LibraryManagmentSystem\Data\Members.json
[7/27/2026 10:12:03 AM] JSON Serialization complete. Data saved to C:\vsProjects\LibraryManagmentSystem\LibraryManagmentSystem\Data\Members.json
[7/27/2026 10:12:37 AM] JSON Deserialization complete
[7/27/2026 10:12:37 AM] JSON Deserialization complete
[7/27/2026 10:13:05 AM] JSON Serialization complete. Data saved to C:\vsProjects\LibraryManagmentSystem\LibraryManagmentSystem\Data\Books.json
[7/27/2026 10:13:36 AM] JSON Serialization complete. Data saved to C:\vsProjects\LibraryManagmentSystem\LibraryManagmentSystem\Data\Members.json
[7/27/2026 10:19:42 AM] JSON Deserialization complete
[7/27/2026 10:19:42 AM] JSON Deserialization complete
[7/27/2026 10:20:09 AM] JSON Deserialization complete
[7/27/2026 10:20:09 AM] JSON Deserialization complete
[7/27/2026 10:20:31 AM] JSON Deserialization complete
[7/27/2026 10:20:31 AM] JSON Deserialization complete
[7/27/2026 10:21:04 AM] JSON Deserialization complete
[7/27/2026 10:21:04 AM] JSON Deserialization complete
[7/27/2026 10:21:46 AM] JSON Deserialization complete
[7/27/2026 10:21:46 AM] JSON Deserialization complete
[7/27/2026 10:22:00 AM] JSON Deserialization complete
[7/27/2026 10:22:00 AM] JSON Deserialization complete
[7/27/2026 10:22:14 AM] JSON Deserialization complete
[7/27/2026 10:22:14 AM] JSON Deserialization complete
[7/27/2026 10:22:31 AM] JSON Deserialization complete
[7/27/2026 10:22:31 AM] JSON Deserialization complete
[7/27/2026 10:24:15 AM] JSON Deserialization complete
[7/27/2026 10:24:15 AM] JSON Deserialization complete
[7/27/2026 10:25:46 AM] JSON Deserialization complete
[7/27/2026 10:25:46 AM] JSON Deserialization complete
[7/27/2026 10:26:01 AM] JSON Deserialization complete
[7/27/2026 10:26:01 AM] JSON Deserialization complete
